(base)
asg_a_1p8y6mm@LAPTOP-VJDIQPCI MINGW64 ~/OneDrive/Desktop/docs - Copy (main)
$ python3 -m venv venv
(base)
asg_a_1p8y6mm@LAPTOP-VJDIQPCI MINGW64 ~/OneDrive/Desktop/docs - Copy (main)
$ activate.bat
(base)
asg_a_1p8y6mm@LAPTOP-VJDIQPCI MINGW64 ~/OneDrive/Desktop/docs - Copy (main)
$ pip install -r requirements.txt
Defaulting to user installation because normal site-packages is not writeable
Requirement already satisfied: Flask in c:\programdata\anaconda3\lib\site-packages (from -r requirements.txt (line 1)) (3.0.3)
Requirement already satisfied: requests in c:\programdata\anaconda3\lib\site-packages (from -r requirements.txt (line 2)) (2.32.2)
Requirement already satisfied: folium in c:\users\asg_a_1p8y6mm\appdata\roaming\python\python312\site-packages (from -rrequirements.txt (line 3)) (0.18.0)
Collecting requests-cache (from -r requirements.txt (line 4))
  Using cached requests_cache-1.2.1-py3-none-any.whl.metadata (9.9 kB)
Requirement already satisfied: pandas in c:\programdata\anaconda3\lib\site-packages (from -r requirements.txt (line 5))(2.2.2)
Collecting retry-requests (from -r requirements.txt (line 6))
  Using cached retry_requests-2.0.0-py3-none-any.whl.metadata (2.6 kB)
Requirement already satisfied: numpy in c:\programdata\anaconda3\lib\site-packages (from -r requirements.txt (line 7)) (1.26.4)
Requirement already satisfied: shapely in c:\users\asg_a_1p8y6mm\appdata\roaming\python\python312\site-packages (from -r requirements.txt (line 8)) (2.0.6)
Collecting openmeteo-requests (from -r requirements.txt (line 9))
  Using cached openmeteo_requests-1.3.0-py3-none-any.whl.metadata (9.7 kB)
Requirement already satisfied: Jinja2 in c:\programdata\anaconda3\lib\site-packages (from -r requirements.txt (line 10)) (3.1.4)
Requirement already satisfied: branca in c:\users\asg_a_1p8y6mm\appdata\roaming\python\python312\site-packages (from -rrequirements.txt (line 11)) (0.8.0)
Requirement already satisfied: Werkzeug>=3.0.0 in c:\programdata\anaconda3\lib\site-packages (from Flask->-r requirements.txt (line 1)) (3.0.3)
Requirement already satisfied: itsdangerous>=2.1.2 in c:\programdata\anaconda3\lib\site-packages (from Flask->-r requirements.txt (line 1)) (2.2.0)
Requirement already satisfied: click>=8.1.3 in c:\programdata\anaconda3\lib\site-packages (from Flask->-r requirements.txt (line 1)) (8.1.7)
Requirement already satisfied: blinker>=1.6.2 in c:\programdata\anaconda3\lib\site-packages (from Flask->-r requirements.txt (line 1)) (1.6.2)
Requirement already satisfied: charset-normalizer<4,>=2 in c:\programdata\anaconda3\lib\site-packages (from requests->-r requirements.txt (line 2)) (2.0.4)
Requirement already satisfied: idna<4,>=2.5 in c:\programdata\anaconda3\lib\site-packages (from requests->-r requirements.txt (line 2)) (3.7)
Requirement already satisfied: urllib3<3,>=1.21.1 in c:\programdata\anaconda3\lib\site-packages (from requests->-r requirements.txt (line 2)) (2.2.2)
Requirement already satisfied: certifi>=2017.4.17 in c:\programdata\anaconda3\lib\site-packages (from requests->-r requirements.txt (line 2)) (2024.8.30)
Requirement already satisfied: xyzservices in c:\programdata\anaconda3\lib\site-packages (from folium->-r requirements.txt (line 3)) (2022.9.0)
Requirement already satisfied: attrs>=21.2 in c:\users\asg_a_1p8y6mm\appdata\roaming\python\python312\site-packages (from requests-cache->-r requirements.txt (line 4)) (24.2.0)
Collecting cattrs>=22.2 (from requests-cache->-r requirements.txt (line 4))
  Using cached cattrs-24.1.2-py3-none-any.whl.metadata (8.4 kB)
Requirement already satisfied: platformdirs>=2.5 in c:\programdata\anaconda3\lib\site-packages (from requests-cache->-rrequirements.txt (line 4)) (3.10.0)
Collecting url-normalize>=1.4 (from requests-cache->-r requirements.txt (line 4))
  Using cached url_normalize-1.4.3-py2.py3-none-any.whl.metadata (3.1 kB)
Requirement already satisfied: python-dateutil>=2.8.2 in c:\programdata\anaconda3\lib\site-packages (from pandas->-r requirements.txt (line 5)) (2.9.0.post0)
Requirement already satisfied: pytz>=2020.1 in c:\programdata\anaconda3\lib\site-packages (from pandas->-r requirements.txt (line 5)) (2024.1)
Requirement already satisfied: tzdata>=2022.7 in c:\programdata\anaconda3\lib\site-packages (from pandas->-r requirements.txt (line 5)) (2023.3)
Collecting openmeteo-sdk>=1.4.0 (from openmeteo-requests->-r requirements.txt (line 9))
  Using cached openmeteo_sdk-1.18.6-py3-none-any.whl.metadata (935 bytes)
Requirement already satisfied: MarkupSafe>=2.0 in c:\programdata\anaconda3\lib\site-packages (from Jinja2->-r requirements.txt (line 10)) (2.1.3)
Requirement already satisfied: colorama in c:\programdata\anaconda3\lib\site-packages (from click>=8.1.3->Flask->-r requirements.txt (line 1)) (0.4.6)
Collecting flatbuffers==24.3.25 (from openmeteo-sdk>=1.4.0->openmeteo-requests->-r requirements.txt (line 9))
  Downloading flatbuffers-24.3.25-py2.py3-none-any.whl.metadata (850 bytes)
Requirement already satisfied: six>=1.5 in c:\programdata\anaconda3\lib\site-packages (from python-dateutil>=2.8.2->pandas->-r requirements.txt (line 5)) (1.16.0)
Using cached requests_cache-1.2.1-py3-none-any.whl (61 kB)
Using cached retry_requests-2.0.0-py3-none-any.whl (15 kB)
Using cached openmeteo_requests-1.3.0-py3-none-any.whl (6.0 kB)
Using cached cattrs-24.1.2-py3-none-any.whl (66 kB)
Using cached openmeteo_sdk-1.18.6-py3-none-any.whl (7.6 kB)
Downloading flatbuffers-24.3.25-py2.py3-none-any.whl (26 kB)
Using cached url_normalize-1.4.3-py2.py3-none-any.whl (6.8 kB)
Installing collected packages: flatbuffers, url-normalize, openmeteo-sdk, cattrs, retry-requests, requests-cache, openmeteo-requests
Successfully installed cattrs-24.1.2 flatbuffers-24.3.25 openmeteo-requests-1.3.0 openmeteo-sdk-1.18.6 requests-cache-1.2.1 retry-requests-2.0.0 url-normalize-1.4.3

[notice] A new release of pip is available: 24.3.1 -> 25.0
[notice] To update, run: python.exe -m pip install --upgrade pip
(base)
asg_a_1p8y6mm@LAPTOP-VJDIQPCI MINGW64 ~/OneDrive/Desktop/docs - Copy (main)
$ python app.py
 * Serving Flask app 'app'
 * Debug mode: on
WARNING: This is a development server. Do not use it in a production deployment. Use a production WSGI server instead.
 * Running on http://127.0.0.1:5000
Press CTRL+C to quit
 * Restarting with watchdog (windowsapi)
 * Debugger is active!
 * Debugger PIN: 138-977-168
127.0.0.1 - - [08/Feb/2025 12:18:43] "GET / HTTP/1.1" 200 -
127.0.0.1 - - [08/Feb/2025 12:18:43] "GET /favicon.ico HTTP/1.1" 404 -
127.0.0.1 - - [08/Feb/2025 12:29:22] "POST / HTTP/1.1" 200 -
127.0.0.1 - - [08/Feb/2025 12:38:26] "POST / HTTP/1.1" 200 -
127.0.0.1 - - [08/Feb/2025 12:40:35] "GET / HTTP/1.1" 200 -
127.0.0.1 - - [08/Feb/2025 12:40:35] "GET /favicon.ico HTTP/1.1" 404 -
127.0.0.1 - - [08/Feb/2025 12:51:08] "POST / HTTP/1.1" 200 -
(base)
asg_a_1p8y6mm@LAPTOP-VJDIQPCI MINGW64 ~/OneDrive/Desktop/docs - Copy (main)
$ deactivate
DeprecationWarning: 'source deactivate' is deprecated. Use 'conda deactivate'.
C:/ProgramData/Anaconda3/etc/profile.d/conda.sh: line 9: /cygdrive/c/ProgramData/Anaconda3/Scripts/conda.exe: No such file or directory
(base)
asg_a_1p8y6mm@LAPTOP-VJDIQPCI MINGW64 ~/OneDrive/Desktop/docs - Copy (main)
$
